%!Adobe-FontList 1.14
%Locale:0x419

%BeginFont
Handler:DirectoryHandler
FontType:TrueType
FontName:PTSans-Regular
FamilyName:PT Sans
StyleName:Regular
FullName:PT Sans
MenuName:PT Sans
StyleBits:0
WritingScript:Roman
OutlineFileName:C:\Users\MKnyaz\Desktop\ufeed\Font\pt-sans_[allfont.ru].ttf
DataFormat:sfntData
FileLength:345060
FileModTime:1476379248
WeightClass:400
WidthClass:5
AngleClass:0
%EndFont

%BeginFont
Handler:DirectoryHandler
FontType:TrueType
FontName:PTSans-Narrow
FamilyName:PT Sans Narrow
StyleName:Regular
FullName:PT Sans Narrow
MenuName:PT Sans Narrow
StyleBits:0
WritingScript:Roman
OutlineFileName:C:\Users\MKnyaz\Desktop\ufeed\Font\PTN57F.ttf
DataFormat:sfntData
FileLength:383848
FileModTime:1476353570
WeightClass:400
WidthClass:3
AngleClass:0
%EndFont

%BeginFont
Handler:DirectoryHandler
FontType:TrueType
FontName:PTSans-NarrowBold
FamilyName:PT Sans Narrow
StyleName:Bold
FullName:PT Sans Narrow Bold
MenuName:PT Sans Narrow
StyleBits:2
WritingScript:Roman
OutlineFileName:C:\Users\MKnyaz\Desktop\ufeed\Font\PTN77F.ttf
DataFormat:sfntData
FileLength:487796
FileModTime:1476353570
WeightClass:700
WidthClass:3
AngleClass:0
%EndFont

%BeginFont
Handler:DirectoryHandler
FontType:TrueType
FontName:PTSans-Italic
FamilyName:PT Sans
StyleName:Italic
FullName:PT Sans Italic
MenuName:PT Sans
StyleBits:1
WritingScript:Roman
OutlineFileName:C:\Users\MKnyaz\Desktop\ufeed\Font\PTS56F.ttf
DataFormat:sfntData
FileLength:412804
FileModTime:1476353570
WeightClass:400
WidthClass:5
AngleClass:1
%EndFont

%BeginFont
Handler:DirectoryHandler
FontType:TrueType
FontName:PTSans-Bold
FamilyName:PT Sans
StyleName:Bold
FullName:PT Sans Bold
MenuName:PT Sans
StyleBits:2
WritingScript:Roman
OutlineFileName:C:\Users\MKnyaz\Desktop\ufeed\Font\PTS75F.ttf
DataFormat:sfntData
FileLength:457448
FileModTime:1476353570
WeightClass:700
WidthClass:5
AngleClass:0
%EndFont

%BeginFont
Handler:DirectoryHandler
FontType:TrueType
FontName:PTSans-BoldItalic
FamilyName:PT Sans
StyleName:Bold Italic
FullName:PT Sans Bold Italic
MenuName:PT Sans
StyleBits:3
WritingScript:Roman
OutlineFileName:C:\Users\MKnyaz\Desktop\ufeed\Font\PTS76F.ttf
DataFormat:sfntData
FileLength:345476
FileModTime:1476353570
WeightClass:700
WidthClass:5
AngleClass:1
%EndFont

